// Jest Snapshot v1, https://goo.gl/fbAQLP

exports[`renders correctly 1`] = `
<tr
  aria-expanded={false}
  className="TableRow-sc-1tgwedx-0 sc-gtssRu gYAnID dUGqAv"
  onClick={[Function]}
  role="button"
>
  <td
    className="TableDataCell-sc-1ehugof-0 dgixgo"
    color="text3"
    fontWeight="normal"
    onClick={[Function]}
  >
    Comment
  </td>
  <td
    className="TableDataCell-sc-1ehugof-0 eINDZi"
    color="text3"
    fontWeight="normal"
    onClick={[Function]}
  />
  <td
    className="TableDataCell-sc-1ehugof-0 eimCTP"
    color="text3"
    fontWeight="normal"
    onClick={[Function]}
  >
    databases.â€‹comment
  </td>
  <td
    className="TableDataCell-sc-1ehugof-0 eimCTP"
    color="text3"
    fontWeight="normal"
    onClick={[Function]}
  >
    String
  </td>
  <td
    className="TableDataCell-sc-1ehugof-0 eINDZi"
    color="text3"
    fontWeight="normal"
    onClick={[Function]}
  >
    <pre
      style={
        Object {
          "margin": "0",
        }
      }
    >
      <code
        className="sc-dIsAE gNlDhJ"
        style={
          Object {
            "MozHyphens": "none",
            "MozTabSize": "4",
            "OTabSize": "4",
            "WebkitHyphens": "none",
            "color": "#393A34",
            "direction": "ltr",
            "fontFamily": "\\"Consolas\\", \\"Bitstream Vera Sans Mono\\", \\"Courier New\\", Courier, monospace",
            "fontSize": "0.95em",
            "hyphens": "none",
            "lineHeight": "1.2em",
            "msHyphens": "none",
            "tabSize": "4",
            "textAlign": "left",
            "whiteSpace": "pre",
            "wordBreak": "normal",
            "wordSpacing": "normal",
          }
        }
      >
        \${
        <span
          className="token"
          style={
            Object {
              "color": "#0000ff",
            }
          }
        >
          TABLE
        </span>
        }
        <span
          className="token"
          style={
            Object {
              "color": "#393A34",
            }
          }
        >
          .
        </span>
        <span
          className="token"
          style={
            Object {
              "color": "#0000ff",
            }
          }
        >
          COMMENT
        </span>
         
      </code>
    </pre>
  </td>
</tr>
`;
