// Jest Snapshot v1, https://goo.gl/fbAQLP

exports[`renders correctly 1`] = `
<div
  className="Box-sc-5738oh-0 sc-bdnylx fmGVSD fmDPpa"
>
  <div
    className="Flex-sc-1ak395a-0 eYyEcC"
  >
    <div
      className="FlexItem-sc-1xhpm9o-0 iunkBy"
    >
      <h2
        className="TextBase-sc-1sjok63-0 Heading-sc-63s0tz-0 dMcdfa hTEfbx"
        fontFamily="brand"
        fontSize="xlarge"
        fontWeight="semiBold"
      >
        Databases
      </h2>
    </div>
  </div>
  <div
    className="Flex-sc-1ak395a-0 jAuRlG"
  >
    <table
      className="Table-sc-1x77f3i-0 kuXVYl"
      width="100%"
    >
      <thead
        className="TableHead-sc-1p30re3-0 fJIoAY"
      >
        <tr
          className="TableRow-sc-1tgwedx-0 gYAnID"
        >
          <th
            className="TableHeaderCell-sc-1gjfki4-0 sc-gtssRu hVPIVg ewVqEd"
            color="text"
            fontSize="small"
            fontWeight="medium"
          >
            Field Label
          </th>
          <th
            className="TableHeaderCell-sc-1gjfki4-0 sc-gtssRu hVPIVg ewVqEd"
            color="text"
            fontSize="small"
            fontWeight="medium"
          >
            Description
          </th>
          <th
            className="TableHeaderCell-sc-1gjfki4-0 sc-gtssRu hVPIVg ewVqEd"
            color="text"
            fontSize="small"
            fontWeight="medium"
          >
            LookML Name
          </th>
          <th
            className="TableHeaderCell-sc-1gjfki4-0 sc-gtssRu hVPIVg ewVqEd"
            color="text"
            fontSize="small"
            fontWeight="medium"
          >
            Type
          </th>
          <th
            className="TableHeaderCell-sc-1gjfki4-0 sc-gtssRu hVPIVg ewVqEd"
            color="text"
            fontSize="small"
            fontWeight="medium"
          >
            SQL
          </th>
        </tr>
      </thead>
      <tbody
        className="TableBody-sc-17lboeq-0 fxWXsB"
        fontSize="small"
      >
        DetailDrawer
        DetailDrawer
        DetailDrawer
        DetailDrawer
        DetailDrawer
        DetailDrawer
        DetailDrawer
        DetailDrawer
        DetailDrawer
        DetailDrawer
        DetailDrawer
        DetailDrawer
        DetailDrawer
        DetailDrawer
        DetailDrawer
        DetailDrawer
        DetailDrawer
        DetailDrawer
        DetailDrawer
        DetailDrawer
        DetailDrawer
        DetailDrawer
        DetailDrawer
        DetailDrawer
      </tbody>
    </table>
  </div>
</div>
`;
