// Jest Snapshot v1, https://goo.gl/fbAQLP

exports[`renders correctly 1`] = `
<div
  className="DialogContent__Outer-rfzesr-0 bfFwwb undefined false"
>
  <div
    className="DialogContent__Inner-rfzesr-1 dfpnOi"
  >
    <div
      className="FlexItem-sc-1xhpm9o-0 iunkBy"
    >
      <h3
        className="TextBase-sc-1sjok63-0 Heading-sc-63s0tz-0 iEEPBd hTEfbx"
        fontFamily="brand"
        fontSize="large"
        fontWeight="semiBold"
      />
      <div
        aria-label="Tabs"
        className="TabList-sc-1xnjj79-0 ITjpV"
        role="tablist"
      >
        <button
          aria-controls="panel-0"
          aria-orientation="horizontal"
          aria-selected={true}
          className="Tab__TabStyle-eojndt-0 fNLSqh Tab-eojndt-1"
          fontSize="small"
          fontWeight="medium"
          id="tab-0"
          onBlur={[Function]}
          onClick={[Function]}
          onKeyDown={[Function]}
          onKeyUp={[Function]}
          role="tab"
          selected={true}
          tabIndex={0}
        >
          Details
        </button>
        <button
          aria-controls="panel-1"
          aria-orientation="horizontal"
          aria-selected={false}
          className="Tab__TabStyle-eojndt-0 cPCNyG Tab-eojndt-1"
          fontSize="small"
          fontWeight="medium"
          id="tab-1"
          onBlur={[Function]}
          onClick={[Function]}
          onKeyDown={[Function]}
          onKeyUp={[Function]}
          role="tab"
          selected={false}
          tabIndex={-1}
        >
          Comments
        </button>
      </div>
      <div
        aria-labelledby="tab-0"
        className="TabPanels-sc-15ef4fm-0 cJHoxW"
        id="panel-0"
        pt="large"
        role="tabpanel"
      >
        <div
          className="Flex-sc-1ak395a-0 jAuRlG"
        >
          <div
            className="FlexItem-sc-1xhpm9o-0 iunkBy"
          >
            <h4
              className="TextBase-sc-1sjok63-0 Heading-sc-63s0tz-0 GIpSF hTEfbx"
              fontFamily="brand"
              fontSize="small"
              fontWeight="semiBold"
              style={
                Object {
                  "marginTop": "2em",
                }
              }
            >
              About this Field
            </h4>
          </div>
          <div
            className="FlexItem-sc-1xhpm9o-0 lhWSZX"
          >
            <table
              className="Table-sc-1x77f3i-0 kuXVYl"
              width="100%"
            >
              <tbody
                className="TableBody-sc-17lboeq-0 fxWXsB"
                fontSize="small"
              />
            </table>
          </div>
          QueryChart
          QueryChart
          <div
            className="FlexItem-sc-1xhpm9o-0 bZGkrM"
          >
            <div
              className="Flex-sc-1ak395a-0 kjrkAa"
            >
              ExternalLink
              ExternalLink
            </div>
          </div>
        </div>
      </div>
    </div>
  </div>
</div>
`;
